// Jest Snapshot v1, https://goo.gl/fbAQLP

exports[`<ExternalRegistrySearch /> matches the snapshot when loading 1`] = `<Loading />`;
