// Jest Snapshot v1, https://goo.gl/fbAQLP

exports[`<SearchResults /> matches the snapshot 1`] = `""`;
